[backblue.gif]
[fade.gif]
[index.html]
[fonts.googleapis.com/index.html]
[skywarriorthemes.com/respawn/feed/index.html]
[skywarriorthemes.com/respawn/comments/feed/index.html]
[skywarriorthemes.com/respawn/wp-content/uploads/2018/12/bg.jpg]
[skywarriorthemes.com/respawn/wp-content/themes/respawn/assets/img/defaults/header-default.jpg]
[skywarriorthemes.com/respawn/wp-content/uploads/2019/02/46992446672_9b09eff5a3_z.jpg]
[skywarriorthemes.com/respawn/wp-content/uploads/2019/02/15782457828_8b166b429f_z.jpg]
[skywarriorthemes.com/respawn/wp-content/uploads/2019/02/15347587814_722121110c_z.jpg]
[skywarriorthemes.com/respawn/wp-content/uploads/2019/02/12034206194_e9f40ae1c7_z.jpg]
[skywarriorthemes.com/respawn/wp-content/uploads/2019/02/12034123203_2b53ab458e_z.jpg]
[skywarriorthemes.com/respawn/wp-content/uploads/2019/02/12033875735_76df2cc036_z.jpg]
[skywarriorthemes.com/respawn/wp-content/uploads/2019/02/11331419343_82b11b182f_z.jpg]
[skywarriorthemes.com/respawn/wp-content/uploads/2019/02/9339984850_8bf5a88ea2_z.jpg]
[skywarriorthemes.com/respawn/wp-content/uploads/2019/02/6005731311_00e0105550_z.jpg]
[skywarriorthemes.com/respawn/wp-content/uploads/2019/02/12033849045_b041a5f6a9_z.jpg]
[skywarriorthemes.com/respawn/wp-content/uploads/2019/02/14729588342_dce9b263fd_z.jpg]
[skywarriorthemes.com/respawn/wp-content/uploads/2019/02/14711994363_2246894c05_z.jpg]
[skywarriorthemes.com/respawn/wp-content/uploads/2019/02/14704679503_2ebfd66f66_z.jpg]
[skywarriorthemes.com/respawn/wp-content/uploads/2019/02/14684792305_4f55f4ca10_z.jpg]
[skywarriorthemes.com/respawn/wp-content/uploads/2019/02/12034194634_88d5c6be87_z.jpg]
[skywarriorthemes.com/respawn/wp-content/uploads/2019/02/9442716567_c30df1598b_z.jpg]
[skywarriorthemes.com/respawn/wp-content/uploads/2019/02/7387485330_4fb092f258_z.jpg]
[skywarriorthemes.com/respawn/wp-content/uploads/2019/02/9434719046_ef37c4decd_z.jpg]
[skywarriorthemes.com/respawn/wp-content/uploads/2019/02/7387459796_c278b664e5_z.jpg]
[skywarriorthemes.com/respawn/wp-content/uploads/2019/02/14729589672_27ccde5dd8_z.jpg]
[skywarriorthemes.com/respawn/wp-content/uploads/2013/08/Fnatic-at-dream-league-9.jpg]
[skywarriorthemes.com/respawn/wp-content/uploads/2019/02/left.jpg]
[skywarriorthemes.com/respawn/wp-content/uploads/2019/02/fnatic-2018-iem-katowice_feature.jpg]
[skywarriorthemes.com/respawn/wp-content/uploads/2019/02/virtus.jpg]
[skywarriorthemes.com/respawn/wp-includes/js/jquery/jquery4a5f.js]
[skywarriorthemes.com/respawn/wp-includes/js/jquery/jquery-migrate.min330a.js]
[skywarriorthemes.com/respawn/wp-content/plugins/respawn-types/wp-team-matches/components/tipsy/src/javascripts/jquery.tipsy91d5.js]
[skywarriorthemes.com/respawn/wp-content/plugins/respawn-types/wp-team-matches/js/public7406.js]
[skywarriorthemes.com/respawn/wp-content/plugins/LayerSlider/static/layerslider/js/greensockb3a6.js]
[skywarriorthemes.com/respawn/wp-content/plugins/LayerSlider/static/layerslider/js/layerslider.kreaturamedia.jquery2cfc.js]
[skywarriorthemes.com/respawn/wp-content/plugins/LayerSlider/static/layerslider/js/layerslider.transitions2cfc.js]
[skywarriorthemes.com/respawn/xmlrpc0db0.php]
[skywarriorthemes.com/respawn/wp-includes/wlwmanifest.xml]
[skywarriorthemes.com/respawn/wp-json/index.html]
[skywarriorthemes.com/respawn/wp-json/oembed/1.0/embed4e58.json]
[skywarriorthemes.com/respawn/wp-json/oembed/1.0/embedbb5d]
[skywarriorthemes.com/respawn/wp-content/plugins/theplus_elementor_addon/assets/images/thepluslogo-small.png]
[skywarriorthemes.com/respawn/wp-content/uploads/2019/03/favicon.png]
[skywarriorthemes.com/respawn/wp-content/themes/respawn/assets/img/logo-main.png]
[skywarriorthemes.com/respawn/wp-content/uploads/2019/03/2.jpg]
[skywarriorthemes.com/respawn/wp-content/uploads/2017/12/SteelSeries_Apex_Gaming_Keyboard_-_Fnatic_Team_Edition_main.jpg]
[skywarriorthemes.com/respawn/wp-content/uploads/2019/03/1.jpg]
[skywarriorthemes.com/respawn/wp-content/uploads/2019/03/3.jpg]
[skywarriorthemes.com/respawn/wp-content/uploads/2018/12/7.png]
[skywarriorthemes.com/respawn/wp-content/uploads/2018/12/6.png]
[skywarriorthemes.com/respawn/wp-content/uploads/2018/12/5.png]
[skywarriorthemes.com/respawn/wp-content/uploads/2018/12/4.png]
[skywarriorthemes.com/respawn/wp-content/uploads/2018/12/3.png]
[skywarriorthemes.com/respawn/wp-content/uploads/2018/12/2.png]
[skywarriorthemes.com/respawn/wp-content/uploads/2018/12/1.png]
[skywarriorthemes.com/respawn/wp-content/uploads/2019/02/fnatic-2018-iem-katowice_feature-940x620.jpg]
[skywarriorthemes.com/respawn/wp-content/uploads/2013/08/right-940x620.jpg]
[skywarriorthemes.com/respawn/wp-content/uploads/2013/08/left-940x620.jpg]
[skywarriorthemes.com/respawn/wp-content/uploads/2019/03/matchbg-940x620.jpg]
[skywarriorthemes.com/respawn/wp-content/uploads/2019/03/fortnite-map-snow.jpg]
[skywarriorthemes.com/respawn/wp-content/uploads/2018/12/fortnite-1.png]
[skywarriorthemes.com/respawn/wp-content/uploads/2018/12/Overtime_eSportlogo_square-111x111.png]
[skywarriorthemes.com/respawn/wp-content/uploads/2018/12/EVOS-Esports-Logo-2-111x111.png]
[skywarriorthemes.com/respawn/wp-content/uploads/2018/12/Lolbg-1.jpg]
[skywarriorthemes.com/respawn/wp-content/uploads/2018/12/lol.png]
[skywarriorthemes.com/respawn/wp-content/uploads/2018/12/image1490550072-111x111.png]
[skywarriorthemes.com/respawn/wp-content/uploads/2018/12/overwatchbg-1.jpg]
[skywarriorthemes.com/respawn/wp-content/uploads/2018/12/overwatch.png]
[skywarriorthemes.com/respawn/wp-content/uploads/2018/12/600px-GODSENT-111x101.png]
[skywarriorthemes.com/respawn/wp-content/uploads/2018/12/csgobg-1.jpg]
[skywarriorthemes.com/respawn/wp-content/uploads/2018/12/image1490550072-60x60.png]
[skywarriorthemes.com/respawn/wp-content/uploads/2018/12/600px-GODSENT-60x55.png]
[skywarriorthemes.com/respawn/wp-content/uploads/2018/12/H5Qgr-60x60.png]
[skywarriorthemes.com/respawn/wp-content/uploads/2018/12/dotabg.jpg]
[skywarriorthemes.com/respawn/wp-content/uploads/2018/12/Overtime_eSportlogo_square-60x60.png]
[skywarriorthemes.com/respawn/wp-content/uploads/2018/12/EVOS-Esports-Logo-2-60x60.png]
[skywarriorthemes.com/respawn/wp-content/uploads/2018/12/bgr.png]
[skywarriorthemes.com/respawn/wp-content/themes/respawn/assets/img/link_icon_beacon.png]
[skywarriorthemes.com/respawn/wp-content/uploads/2013/08/csgo-winners-406x203.jpg]
[skywarriorthemes.com/respawn/wp-content/uploads/2013/08/crimsix.jpg]
[skywarriorthemes.com/respawn/wp-content/uploads/2013/08/crimsix-406x271.jpg]
[skywarriorthemes.com/respawn/wp-content/uploads/2018/12/fortbg.jpg]
[skywarriorthemes.com/respawn/wp-content/uploads/2018/12/fortbg-406x228.jpg]
[skywarriorthemes.com/respawn/wp-content/uploads/2019/01/lef23t.jpg]
[skywarriorthemes.com/respawn/wp-content/uploads/2019/01/lef23t-406x555.jpg]
[skywarriorthemes.com/respawn/wp-content/uploads/2018/12/matchbg23.jpg]
[skywarriorthemes.com/respawn/wp-content/uploads/2018/12/matchbg23-406x349.jpg]
[skywarriorthemes.com/respawn/wp-content/uploads/2018/12/89053a99-1d5c-44a9-ba4a-256a03f0eb7f.jpg]
[skywarriorthemes.com/respawn/wp-content/uploads/2018/12/89053a99-1d5c-44a9-ba4a-256a03f0eb7f-406x228.jpg]
[skywarriorthemes.com/respawn/wp-content/uploads/2019/02/virtus-406x203.jpg]
[skywarriorthemes.com/respawn/wp-content/uploads/2019/01/dotabg.jpg]
[skywarriorthemes.com/respawn/wp-content/uploads/2019/01/dotabg-406x228.jpg]
[skywarriorthemes.com/respawn/wp-content/uploads/2013/08/right.jpg]
[skywarriorthemes.com/respawn/wp-content/uploads/2013/08/right-406x271.jpg]
[skywarriorthemes.com/respawn/wp-content/uploads/2013/08/fnatics.jpg]
[skywarriorthemes.com/respawn/wp-content/uploads/2013/08/fnatics-406x203.jpg]
[skywarriorthemes.com/respawn/wp-content/uploads/2019/01/Hanamura_007map.jpg]
[skywarriorthemes.com/respawn/wp-content/uploads/2019/01/Hanamura_007map-406x254.jpg]
[skywarriorthemes.com/respawn/wp-content/uploads/2013/08/matchbg-438x300.jpg]
[skywarriorthemes.com/respawn/wp-content/uploads/2018/12/13-100x100.jpg]
[skywarriorthemes.com/respawn/wp-content/uploads/2019/02/virtus-438x300.jpg]
[skywarriorthemes.com/respawn/wp-content/uploads/2013/08/crimsix-438x300.jpg]
[skywarriorthemes.com/respawn/wp-content/uploads/2019/02/fnatic-2018-iem-katowice_feature-438x300.jpg]
[skywarriorthemes.com/respawn/wp-content/uploads/2019/02/left-438x300.jpg]
[skywarriorthemes.com/respawn/wp-content/uploads/2019/01/footerlg.png]
[skywarriorthemes.com/respawn/wp-content/uploads/2018/12/esport-logo-60x68.png]
[skywarriorthemes.com/respawn/wp-content/uploads/2018/12/csgoico.png]
[skywarriorthemes.com/respawn/wp-content/uploads/2018/12/esport-logo-71x80.png]
[skywarriorthemes.com/respawn/wp-content/uploads/2018/12/600px-GODSENT-71x65.png]
[skywarriorthemes.com/respawn/wp-content/uploads/2018/12/EVOS-Esports-Logo-2-71x71.png]
[skywarriorthemes.com/respawn/wp-content/uploads/2018/12/image1490550072-71x71.png]
[skywarriorthemes.com/respawn/wp-content/uploads/2018/12/H5Qgr-71x71.png]
[skywarriorthemes.com/respawn/wp-content/themes/respawn/elementor/js/elementor-minified.min62ea.js]
[skywarriorthemes.com/respawn/wp-content/themes/respawn/elementor/js/isotope.pkgd.min62ea.js]
[skywarriorthemes.com/respawn/wp-content/themes/respawn/elementor/js/core/slick.min62ea.js]
[skywarriorthemes.com/respawn/wp-content/themes/respawn/elementor/js/es-sliders.min62ea.js]
[skywarriorthemes.com/respawn/wp-includes/js/imagesloaded.min55a0.js]
[skywarriorthemes.com/respawn/wp-content/themes/respawn/elementor/js/es-isotope-gallery.min62ea.js]
[skywarriorthemes.com/respawn/wp-content/plugins/contact-form-7/includes/js/scriptsc6ac.js]
[skywarriorthemes.com/respawn/wp-content/plugins/woocommerce/assets/js/jquery-blockui/jquery.blockUI.min44fd.js]
[skywarriorthemes.com/respawn/wp-content/plugins/woocommerce/assets/js/frontend/add-to-cart.minf39e.js]
[skywarriorthemes.com/respawn/wp-content/plugins/woocommerce/assets/js/js-cookie/js.cookie.min6b25.js]
[skywarriorthemes.com/respawn/wp-content/plugins/woocommerce/assets/js/frontend/woocommerce.minf39e.js]
[skywarriorthemes.com/respawn/wp-content/plugins/woocommerce/assets/js/frontend/cart-fragments.minf39e.js]
[skywarriorthemes.com/respawn/wp-includes/js/jquery/ui/core.mine899.js]
[skywarriorthemes.com/respawn/wp-includes/js/jquery/ui/widget.mine899.js]
[skywarriorthemes.com/respawn/wp-includes/js/jquery/ui/mouse.mine899.js]
[skywarriorthemes.com/respawn/wp-includes/js/jquery/ui/slider.mine899.js]
[skywarriorthemes.com/respawn/wp-content/uploads/theplus-addons/theplus-post-18.min19a7.js]
[skywarriorthemes.com/respawn/wp-content/themes/respawn/assets/js/tippy.min62ea.js]
[skywarriorthemes.com/respawn/wp-content/themes/respawn/assets/js/respawn_home_tween_pslider.min62ea.js]
[skywarriorthemes.com/respawn/wp-content/themes/respawn/assets/js/respawn_minified.min62ea.js]
[skywarriorthemes.com/respawn/wp-includes/js/masonry.mind617.js]
[skywarriorthemes.com/respawn/wp-content/themes/respawn/assets/js/global62ea.js]
[skywarriorthemes.com/respawn/wp-includes/js/hoverIntent.minc245.js]
[skywarriorthemes.com/respawn/wp-content/plugins/megamenu/js/maxmegamenu3b33.js]
[skywarriorthemes.com/respawn/wp-includes/js/wp-embed.min91d5.js]
[skywarriorthemes.com/respawn/wp-content/plugins/respawn-types/wp-team-matches/js/jquery.cookie.pack7406.js]
[skywarriorthemes.com/respawn/wp-content/plugins/respawn-types/wp-team-matches/js/tabs7406.js]
[skywarriorthemes.com/respawn/wp-content/plugins/elementor/assets/js/frontend-modules.min4315.js]
[skywarriorthemes.com/respawn/wp-includes/js/jquery/ui/position.mine899.js]
[skywarriorthemes.com/respawn/wp-content/plugins/elementor/assets/lib/dialog/dialog.minae9e.js]
[skywarriorthemes.com/respawn/wp-content/plugins/elementor/assets/lib/waypoints/waypoints.min05da.js]
[skywarriorthemes.com/respawn/wp-content/plugins/elementor/assets/lib/swiper/swiper.min48f5.js]
[skywarriorthemes.com/respawn/wp-content/plugins/elementor/assets/lib/share-link/share-link.min4315.js]
[skywarriorthemes.com/respawn/wp-content/plugins/elementor/assets/js/frontend.min4315.js]
[skywarriorthemes.com/respawn/esports/index.html]
[skywarriorthemes.com/respawn/xmlrpc.php]
[maps.googleapis.com/index.html]
[fonts.googleapis.com/index.html]
[s.w.org/index.html]
[skywarriorthemes.com/respawn/wp-content/plugins/respawn-types/wp-team-matches/components/tipsy/src/stylesheets/tipsy91d5.css]
[skywarriorthemes.com/respawn/wp-content/plugins/respawn-types/wp-team-matches/images/flagssprite_small.png]
[skywarriorthemes.com/respawn/wp-content/plugins/respawn-types/wp-team-matches/css/flags60c6.css]
[skywarriorthemes.com/respawn/wp-content/plugins/LayerSlider/static/layerslider/img/icon-muted-white.png]
[skywarriorthemes.com/respawn/wp-content/plugins/LayerSlider/static/layerslider/img/icon-unmuted-white.png]
[skywarriorthemes.com/respawn/wp-content/plugins/LayerSlider/static/layerslider/css/layerslider2cfc.css]
[fonts.googleapis.com/cssb7e8.css]
[skywarriorthemes.com/respawn/wp-content/themes/respawn/assets/img/prettyPhoto/default/sprite.png]
[skywarriorthemes.com/respawn/wp-content/themes/respawn/assets/img/prettyPhoto/default/sprite_x.png]
[skywarriorthemes.com/respawn/wp-content/themes/respawn/assets/img/prettyPhoto/default/sprite_y.png]
[skywarriorthemes.com/respawn/wp-content/themes/respawn/assets/img/prettyPhoto/default/sprite_next.png]
[skywarriorthemes.com/respawn/wp-content/themes/respawn/assets/img/prettyPhoto/default/sprite_prev.png]
[skywarriorthemes.com/respawn/wp-content/themes/respawn/assets/img/prettyPhoto/default/default_thumb.png]
[skywarriorthemes.com/respawn/wp-content/themes/respawn/assets/img/prettyPhoto/default/loader.gif]
[skywarriorthemes.com/respawn/wp-content/themes/respawn/assets/img/prettyPhoto/light_rounded/sprite.png]
[skywarriorthemes.com/respawn/wp-content/themes/respawn/assets/img/prettyPhoto/light_rounded/btnNext.png]
[skywarriorthemes.com/respawn/wp-content/themes/respawn/assets/img/prettyPhoto/light_rounded/btnPrevious.png]
[skywarriorthemes.com/respawn/wp-content/themes/respawn/assets/img/prettyPhoto/dark_rounded/sprite.png]
[skywarriorthemes.com/respawn/wp-content/themes/respawn/assets/img/prettyPhoto/dark_rounded/contentPattern.png]
[skywarriorthemes.com/respawn/wp-content/themes/respawn/assets/img/prettyPhoto/dark_rounded/btnNext.png]
[skywarriorthemes.com/respawn/wp-content/themes/respawn/assets/img/prettyPhoto/dark_rounded/btnPrevious.png]
[skywarriorthemes.com/respawn/wp-content/themes/respawn/assets/img/prettyPhoto/dark_rounded/loader.gif]
[skywarriorthemes.com/respawn/wp-content/themes/respawn/assets/img/prettyPhoto/dark_square/loader.gif]
[skywarriorthemes.com/respawn/wp-content/themes/respawn/assets/img/prettyPhoto/dark_square/sprite.png]
[skywarriorthemes.com/respawn/wp-content/themes/respawn/assets/img/prettyPhoto/dark_square/btnNext.png]
[skywarriorthemes.com/respawn/wp-content/themes/respawn/assets/img/prettyPhoto/dark_square/btnPrevious.png]
[skywarriorthemes.com/respawn/wp-content/themes/respawn/assets/img/prettyPhoto/light_square/sprite.png]
[skywarriorthemes.com/respawn/wp-content/themes/respawn/assets/img/prettyPhoto/light_square/btnNext.png]
[skywarriorthemes.com/respawn/wp-content/themes/respawn/assets/img/prettyPhoto/light_square/btnPrevious.png]
[skywarriorthemes.com/respawn/wp-content/themes/respawn/assets/img/prettyPhoto/facebook/sprite.png]
[skywarriorthemes.com/respawn/wp-content/themes/respawn/assets/img/prettyPhoto/facebook/contentPatternTop.png]
[skywarriorthemes.com/respawn/wp-content/themes/respawn/assets/img/prettyPhoto/facebook/contentPatternLeft.png]
[skywarriorthemes.com/respawn/wp-content/themes/respawn/assets/img/prettyPhoto/facebook/contentPatternRight.png]
[skywarriorthemes.com/respawn/wp-content/themes/respawn/assets/img/prettyPhoto/facebook/loader.gif]
[skywarriorthemes.com/respawn/wp-content/themes/respawn/assets/img/prettyPhoto/facebook/btnNext.png]
[skywarriorthemes.com/respawn/wp-content/themes/respawn/assets/img/prettyPhoto/facebook/btnPrevious.png]
[skywarriorthemes.com/respawn/wp-content/themes/respawn/assets/img/prettyPhoto/facebook/contentPatternBottom.png]
[skywarriorthemes.com/respawn/wp-content/themes/respawn/assets/img/prettyPhoto/facebook/default_thumbnail.gif]
[skywarriorthemes.com/respawn/wp-content/themes/respawn/assets/img/prettyPhoto/light_rounded/loader.gif]
[skywarriorthemes.com/respawn/wp-content/themes/respawn/assets/css/ajax-loader.gif]
[skywarriorthemes.com/respawn/wp-content/themes/respawn/elementor/css/elementor-minified62ea.css]
[skywarriorthemes.com/respawn/wp-includes/css/dist/block-library/style.min91d5.css]
[skywarriorthemes.com/respawn/wp-content/plugins/woocommerce/packages/woocommerce-blocks/build/stylefc72.css]
[skywarriorthemes.com/respawn/wp-content/plugins/bbpress/templates/default/css/bbpress.minc141.css]
[skywarriorthemes.com/respawn/wp-content/plugins/contact-form-7/images/ajax-loader.gif]
[skywarriorthemes.com/respawn/wp-content/plugins/contact-form-7/includes/css/stylesc6ac.css]
[skywarriorthemes.com/respawn/wp-content/plugins/woocommerce/assets/css/woocommerce-layoutf39e.css]
[skywarriorthemes.com/respawn/wp-content/plugins/woocommerce/assets/css/woocommerce-smallscreenf39e.css]
[skywarriorthemes.com/respawn/wp-content/plugins/woocommerce/assets/css/woocommercef39e.css]
[skywarriorthemes.com/respawn/wp-content/uploads/maxmegamenu/style9bd8.css]
[skywarriorthemes.com/respawn/wp-includes/css/dashicons.min91d5.css]
[skywarriorthemes.com/respawn/wp-content/plugins/theplus_elementor_addon/assets/css/extra/fonts/slick.eot]
[skywarriorthemes.com/respawn/wp-content/plugins/theplus_elementor_addon/assets/css/extra/fonts/slickd41d.eot]
[skywarriorthemes.com/respawn/wp-content/plugins/theplus_elementor_addon/assets/css/extra/fonts/slick.woff]
[skywarriorthemes.com/respawn/wp-content/plugins/theplus_elementor_addon/assets/css/extra/fonts/slick.ttf]
[skywarriorthemes.com/respawn/wp-content/plugins/theplus_elementor_addon/assets/css/extra/fonts/iconsmindd41d.eot]
[skywarriorthemes.com/respawn/wp-content/plugins/theplus_elementor_addon/assets/css/extra/fonts/iconsmind.woff]
[skywarriorthemes.com/respawn/wp-content/plugins/theplus_elementor_addon/assets/css/extra/fonts/iconsmind.ttf]
[skywarriorthemes.com/respawn/wp-content/plugins/theplus_elementor_addon/assets/css/extra/iconsmind.min8d18.css]
[skywarriorthemes.com/respawn/wp-content/plugins/theplus_elementor_addon/assets/images/ajax-loader.gif]
[skywarriorthemes.com/respawn/wp-content/uploads/theplus-addons/theplus-post-18.min19a7.css]
[skywarriorthemes.com/respawn/wp-content/themes/respawn/style62ea.css]
[skywarriorthemes.com/respawn/wp-content/themes/respawn/assets/css/fontawesome-all62ea.css]
[skywarriorthemes.com/respawn/wp-content/themes/respawn/assets/css/woocommerce62ea.css]
[skywarriorthemes.com/respawn/wp-content/themes/respawn/assets/css/bbpress62ea.css]
[skywarriorthemes.com/respawn/wp-content/themes/respawn/assets/img/Plus-Light-Blue.png]
[skywarriorthemes.com/respawn/wp-content/themes/respawn/assets/img/Twitter.png]
[skywarriorthemes.com/respawn/wp-content/themes/respawn/assets/img/Facebook.png]
[skywarriorthemes.com/respawn/wp-content/themes/respawn/assets/img/Google.png]
[skywarriorthemes.com/respawn/wp-content/themes/respawn/assets/css/main62ea.css]
[skywarriorthemes.com/respawn/wp-content/themes/respawn/assets/css/responsive62ea.css]
[skywarriorthemes.com/respawn/wp-content/themes/respawn/assets/css/simple-line-icons62ea.css]
[skywarriorthemes.com/respawn/wp-content/themes/respawn/assets/css/effects62ea.css]
[skywarriorthemes.com/respawn/wp-content/plugins/elementor/assets/lib/eicons/css/elementor-icons.min4c7e.css]
[skywarriorthemes.com/respawn/wp-content/plugins/elementor/assets/lib/animations/animations.min4315.css]
[skywarriorthemes.com/respawn/wp-content/plugins/elementor/assets/css/frontend.min4315.css]
[skywarriorthemes.com/respawn/wp-content/plugins/respawn-types/wp-team-matches/components/font-awesome/css/font-awesome.min91d5.css]
[skywarriorthemes.com/respawn/wp-content/uploads/elementor/css/global5e7c.css]
[skywarriorthemes.com/respawn/wp-content/uploads/2019/01/rightrez.jpg]
[skywarriorthemes.com/respawn/wp-content/uploads/2018/12/semitranspbg.jpg]
[skywarriorthemes.com/respawn/wp-content/uploads/2019/01/homebggallery-1.jpg]
[skywarriorthemes.com/respawn/wp-content/uploads/2018/12/fortbg-1.jpg]
[skywarriorthemes.com/respawn/wp-content/uploads/elementor/css/post-1819a7.css]
[fonts.googleapis.com/css9ad9.css]
[fonts.googleapis.com/css4dc2.css]
[skywarriorthemes.com/respawn/index0735.html]
[skywarriorthemes.com/respawn/wp-content/themes/respawn/assets/css/fonts/slick.svg]
[skywarriorthemes.com/respawn/wp-content/plugins/woocommerce/assets/fonts/star.svg]
[skywarriorthemes.com/respawn/wp-content/plugins/woocommerce/assets/fonts/WooCommerce.svg]
[skywarriorthemes.com/respawn/wp-content/plugins/woocommerce/assets/images/icons/loader.svg]
[skywarriorthemes.com/respawn/wp-content/plugins/woocommerce/assets/images/icons/credit-cards/visa.svg]
[skywarriorthemes.com/respawn/wp-content/plugins/woocommerce/assets/images/icons/credit-cards/mastercard.svg]
[skywarriorthemes.com/respawn/wp-content/plugins/woocommerce/assets/images/icons/credit-cards/laser.svg]
[skywarriorthemes.com/respawn/wp-content/plugins/woocommerce/assets/images/icons/credit-cards/diners.svg]
[skywarriorthemes.com/respawn/wp-content/plugins/woocommerce/assets/images/icons/credit-cards/maestro.svg]
[skywarriorthemes.com/respawn/wp-content/plugins/woocommerce/assets/images/icons/credit-cards/jcb.svg]
[skywarriorthemes.com/respawn/wp-content/plugins/woocommerce/assets/images/icons/credit-cards/amex.svg]
[skywarriorthemes.com/respawn/wp-content/plugins/woocommerce/assets/images/icons/credit-cards/discover.svg]
[skywarriorthemes.com/respawn/wp-content/uploads/2013/08/csgo-winners.jpg]
[skywarriorthemes.com/respawn/wp-content/plugins/theplus_elementor_addon/assets/css/extra/fonts/slick.svg]
[skywarriorthemes.com/respawn/wp-content/plugins/theplus_elementor_addon/assets/css/extra/fonts/iconsmind.woff]
[skywarriorthemes.com/respawn/wp-content/plugins/theplus_elementor_addon/assets/css/extra/fonts/iconsmindd41d.eot]
[skywarriorthemes.com/respawn/wp-content/plugins/theplus_elementor_addon/assets/css/extra/fonts/iconsmind.ttf]
[skywarriorthemes.com/respawn/wp-content/themes/respawn/assets/webfonts/fa-brands-400.svg]
[skywarriorthemes.com/respawn/wp-content/themes/respawn/assets/webfonts/fa-regular-400.svg]
[skywarriorthemes.com/respawn/wp-content/themes/respawn/assets/webfonts/fa-solid-900.svg]
[skywarriorthemes.com/respawn/wp-content/themes/respawn/assets/webfonts/Simple-Line-Icons.svg]
[skywarriorthemes.com/respawn/wp-content/plugins/elementor/assets/lib/eicons/fonts/eicons2cbf.svg]
[skywarriorthemes.com/respawn/wp-content/plugins/respawn-types/wp-team-matches/components/font-awesome/fonts/fontawesome-webfont93e3.svg]
[skywarriorthemes.com/respawn/wp-content/plugins/theplus_elementor_addon/assets/css/extra/fonts/iconsmindd41d.eot]
[skywarriorthemes.com/respawn/wp-content/plugins/theplus_elementor_addon/assets/css/extra/fonts/iconsmind.woff]
[skywarriorthemes.com/respawn/wp-content/plugins/theplus_elementor_addon/assets/css/extra/fonts/iconsmind.ttf]
